exports[`Settings renders correctly 1`] = `
<div>
  <div
    className="giu-floats"
    style={
      Object {
        "height": 0,
        "left": 0,
        "position": "absolute",
        "top": 0,
        "width": 0,
      }
    } />
  <div
    className="giu-modal"
    id={undefined}
    onClick={[Function]}
    onKeyDown={[Function]}
    style={
      Object {
        "height": "100vh",
        "left": 0,
        "position": "fixed",
        "top": 0,
        "width": "100vw",
        "zIndex": 50,
      }
    }>
    <div
      className="giu-backdrop"
      onClick={undefined}
      onTouchMove={[Function]}
      onWheel={[Function]}
      style={
        Object {
          "backgroundColor": "white",
          "height": "100vh",
          "left": 0,
          "position": "fixed",
          "top": 0,
          "width": "100vw",
        }
      } />
    <div
      style={
        Object {
          "display": "flex",
          "flexDirection": "row",
          "left": 0,
          "position": "fixed",
          "top": "5vh",
          "width": "100%",
        }
      }>
      <div
        onClick={undefined}
        onTouchMove={[Function]}
        onWheel={[Function]}
        style={
          Object {
            "WebkitFlex": 1,
            "flex": 1,
          }
        } />
      <div
        onScroll={[Function]}
        onWheel={[Function]}
        style={
          Object {
            "backgroundColor": "white",
            "borderRadius": 2,
            "boxShadow": "0 3px 6px rgba(0,0,0,0.16), 0 3px 6px rgba(0,0,0,0.23)",
            "color": "black",
            "maxHeight": "90vh",
            "overflowY": "auto",
            "padding": 20,
          }
        }>
        <input
          autoFocus={true}
          style={
            Object {
              "cursor": "default",
              "height": 0,
              "left": 8,
              "opacity": 0,
              "padding": 0,
              "pointerEvents": "none",
              "position": "fixed",
              "top": 8,
              "width": 0,
              "zIndex": -80,
            }
          }
          tabIndex={undefined} />
        <div
          className="allowUserSelect"
          style={
            Object {
              "border": "1px solid red",
              "borderRadius": 2,
              "color": "red",
              "marginBottom": 10,
              "maxWidth": 500,
              "padding": 15,
            }
          }>
          Changes to these settings can\'t be saved (beyond your current session) due to your current Chrome configuration. Please visit 
          <b>
            chrome://settings/content
          </b>
           and uncheck the option \"Block third-party cookies and site data\". Then close the Chrome DevTools and open them again.
        </div>
        <span
          className="giu-checkbox"
          style={
            Object {
              "whiteSpace": "nowrap",
            }
          }>
          <input
            checked={false}
            className={undefined}
            disabled={undefined}
            id="giu-checkbox_0"
            onBlur={[Function]}
            onChange={[Function]}
            onCopy={undefined}
            onCut={undefined}
            onFocus={[Function]}
            onPaste={undefined}
            required={undefined}
            tabIndex={undefined}
            type="checkbox" />
          <label
            htmlFor="giu-checkbox_0"
            style={undefined}>
            <span>
              Show 
              <i>
                CLOSED
              </i>
               actions
            </span>
          </label>
        </span>
        <br />
        <span
          className="giu-checkbox"
          style={
            Object {
              "whiteSpace": "nowrap",
            }
          }>
          <input
            checked={true}
            className={undefined}
            disabled={undefined}
            id="giu-checkbox_1"
            onBlur={[Function]}
            onChange={[Function]}
            onCopy={undefined}
            onCut={undefined}
            onFocus={[Function]}
            onPaste={undefined}
            required={undefined}
            tabIndex={undefined}
            type="checkbox" />
          <label
            htmlFor="giu-checkbox_1"
            style={undefined}>
            <span>
              Use shorthand notation for identical consecutive logs ( 
              <i
                className="giu-icon fa fa-copy"
                onClick={undefined}
                style={
                  Object {
                    "color": "currentColor",
                    "cursor": undefined,
                    "letterSpacing": "normal",
                  }
                } />
               )
            </span>
          </label>
        </span>
        <br />
        <span
          className="giu-checkbox"
          style={
            Object {
              "whiteSpace": "nowrap",
            }
          }>
          <input
            checked={false}
            className={undefined}
            disabled={undefined}
            id="giu-checkbox_2"
            onBlur={[Function]}
            onChange={[Function]}
            onCopy={undefined}
            onCut={undefined}
            onFocus={[Function]}
            onPaste={undefined}
            required={undefined}
            tabIndex={undefined}
            type="checkbox" />
          <label
            htmlFor="giu-checkbox_2"
            style={undefined}>
            Collapse all new stories (even if they are still open)
          </label>
        </span>
        <br />
        <span
          className="giu-checkbox"
          style={
            Object {
              "whiteSpace": "nowrap",
            }
          }>
          <input
            checked={false}
            className={undefined}
            disabled={undefined}
            id="giu-checkbox_3"
            onBlur={[Function]}
            onChange={[Function]}
            onCopy={undefined}
            onCut={undefined}
            onFocus={[Function]}
            onPaste={undefined}
            required={undefined}
            tabIndex={undefined}
            type="checkbox" />
          <label
            htmlFor="giu-checkbox_3"
            style={undefined}>
            Expand all attachments upon receipt
          </label>
        </span>
        <br />
        <span
          className="giu-checkbox"
          style={
            Object {
              "whiteSpace": "nowrap",
            }
          }>
          <input
            checked={false}
            className={undefined}
            disabled={undefined}
            id="giu-checkbox_4"
            onBlur={[Function]}
            onChange={[Function]}
            onCopy={undefined}
            onCut={undefined}
            onFocus={[Function]}
            onPaste={undefined}
            required={undefined}
            tabIndex={undefined}
            type="checkbox" />
          <label
            htmlFor="giu-checkbox_4"
            style={undefined}>
            Discard stories from remote clients upon receipt
          </label>
        </span>
        <br />
        <br />
        <div
          style={
            Object {
              "marginBottom": 5,
            }
          }>
          Log filters, e.g. 
          <b>
            foo, ba*:INFO, -test, *:WARN
          </b>
           
          <a
            href="https://github.com/guigrpa/storyboard#log-filtering"
            rel="noreferrer noopener"
            style={
              Object {
                "color": "currentColor",
              }
            }
            target="_blank">
            (more examples here)
          </a>
          :
        </div>
        <ul
          style={
            Object {
              "marginTop": 0,
            }
          }>
          <li>
            <label
              htmlFor="serverFilter"
              style={
                Object {
                  "display": "inline-block",
                  "width": 80,
                }
              }>
              Server:
            </label>
             
            <input
              className="giu-text-input"
              id="serverFilter"
              onBlur={[Function]}
              onChange={[Function]}
              onCopy={undefined}
              onCut={undefined}
              onFocus={[Function]}
              onPaste={undefined}
              orient={undefined}
              style={
                Object {
                  "backgroundColor": "transparent",
                  "border": "1px solid #999999",
                  "color": "inherit",
                  "fontFamily": "inherit",
                  "fontSize": "inherit",
                  "fontWeight": "inherit",
                  "width": 300,
                }
              }
              tabIndex={undefined}
              type="text"
              value="*:INFO" />
          </li>
          <li>
            <label
              htmlFor="localClientFilter"
              style={
                Object {
                  "display": "inline-block",
                  "width": 80,
                }
              }>
              Local client:
            </label>
             
            <input
              className="giu-text-input"
              id="localClientFilter"
              onBlur={[Function]}
              onChange={[Function]}
              onCopy={undefined}
              onCut={undefined}
              onFocus={[Function]}
              onPaste={undefined}
              orient={undefined}
              style={
                Object {
                  "backgroundColor": "transparent",
                  "border": "1px solid #999999",
                  "color": "inherit",
                  "fontFamily": "inherit",
                  "fontSize": "inherit",
                  "fontWeight": "inherit",
                  "width": 300,
                }
              }
              tabIndex={undefined}
              type="text"
              value="*:DEBUG" />
          </li>
        </ul>
        <div>
          <label
            htmlFor="maxRecords">
            Number of logs and stories to remember:
          </label>
           
          <input
            className="giu-number-input"
            id="maxRecords"
            min={0}
            onBlur={[Function]}
            onChange={[Function]}
            onCopy={undefined}
            onCut={undefined}
            onFocus={[Function]}
            onPaste={undefined}
            orient={undefined}
            step={1}
            style={
              Object {
                "backgroundColor": "transparent",
                "border": "1px solid #999999",
                "color": "inherit",
                "fontFamily": "inherit",
                "fontSize": "inherit",
                "fontWeight": "inherit",
                "width": 50,
              }
            }
            tabIndex={undefined}
            type="number"
            value="800" />
           
          <label
            htmlFor="forgetHysteresis">
            with hysteresis:
          </label>
           
          <input
            className="giu-number-input"
            id="forgetHysteresis"
            max={1}
            min={0}
            onBlur={[Function]}
            onChange={[Function]}
            onCopy={undefined}
            onCut={undefined}
            onFocus={[Function]}
            onPaste={undefined}
            orient={undefined}
            step={0.05}
            style={
              Object {
                "backgroundColor": "transparent",
                "border": "1px solid #999999",
                "color": "inherit",
                "fontFamily": "inherit",
                "fontSize": "inherit",
                "fontWeight": "inherit",
                "width": 50,
              }
            }
            tabIndex={undefined}
            type="number"
            value="0.25" />
           
          <i
            className="giu-icon fa fa-info-circle"
            style={
              Object {
                "color": undefined,
                "cursor": "pointer",
                "letterSpacing": "normal",
              }
            }
            title="When the backlog reaches 800, Storyboard will start forgetting old stuff until it goes below 600" />
        </div>
        <div>
          Colors: client stories:
           
          <span
            className="giu-color-input"
            onClick={[Function]}
            onMouseDown={[Function]}
            style={
              Object {
                "display": "inline-block",
                "position": "relative",
                "top": 1,
              }
            }>
            <input
              onBlur={[Function]}
              onCopy={[Function]}
              onCut={[Function]}
              onFocus={[Function]}
              onKeyDown={[Function]}
              onPaste={[Function]}
              style={
                Object {
                  "cursor": "default",
                  "height": 0,
                  "left": 8,
                  "opacity": 0,
                  "padding": 0,
                  "pointerEvents": "none",
                  "position": "fixed",
                  "top": 8,
                  "width": 0,
                  "zIndex": -80,
                }
              }
              tabIndex={undefined} />
            <div
              onMouseDown={[Function]}
              style={
                Object {
                  "backgroundColor": "white",
                  "border": "1px solid #999999",
                  "color": "transparent",
                  "cursor": "pointer",
                  "display": "inline-block",
                  "fontFamily": "inherit",
                  "fontSize": "inherit",
                  "fontWeight": "inherit",
                  "height": 20,
                  "lineHeight": "1em",
                  "padding": "2px 4px 6px 4px",
                  "position": "relative",
                  "width": 35,
                }
              }>
              x
              <div
                className="giu-transparency-tiles"
                style={
                  Object {
                    "borderRadius": 2,
                    "bottom": 4,
                    "left": 4,
                    "position": "absolute",
                    "right": 4,
                    "top": 4,
                  }
                } />
              <div
                style={
                  Object {
                    "background": "rgb(240, 248, 255)",
                    "borderRadius": 2,
                    "bottom": 4,
                    "left": 4,
                    "position": "absolute",
                    "right": 4,
                    "top": 4,
                  }
                } />
            </div>
          </span>
           
          server stories:
           
          <span
            className="giu-color-input"
            onClick={[Function]}
            onMouseDown={[Function]}
            style={
              Object {
                "display": "inline-block",
                "position": "relative",
                "top": 1,
              }
            }>
            <input
              onBlur={[Function]}
              onCopy={[Function]}
              onCut={[Function]}
              onFocus={[Function]}
              onKeyDown={[Function]}
              onPaste={[Function]}
              style={
                Object {
                  "cursor": "default",
                  "height": 0,
                  "left": 8,
                  "opacity": 0,
                  "padding": 0,
                  "pointerEvents": "none",
                  "position": "fixed",
                  "top": 8,
                  "width": 0,
                  "zIndex": -80,
                }
              }
              tabIndex={undefined} />
            <div
              onMouseDown={[Function]}
              style={
                Object {
                  "backgroundColor": "white",
                  "border": "1px solid #999999",
                  "color": "transparent",
                  "cursor": "pointer",
                  "display": "inline-block",
                  "fontFamily": "inherit",
                  "fontSize": "inherit",
                  "fontWeight": "inherit",
                  "height": 20,
                  "lineHeight": "1em",
                  "padding": "2px 4px 6px 4px",
                  "position": "relative",
                  "width": 35,
                }
              }>
              x
              <div
                className="giu-transparency-tiles"
                style={
                  Object {
                    "borderRadius": 2,
                    "bottom": 4,
                    "left": 4,
                    "position": "absolute",
                    "right": 4,
                    "top": 4,
                  }
                } />
              <div
                style={
                  Object {
                    "background": "rgb(214, 236, 255)",
                    "borderRadius": 2,
                    "bottom": 4,
                    "left": 4,
                    "position": "absolute",
                    "right": 4,
                    "top": 4,
                  }
                } />
            </div>
          </span>
           
          background:
           
          <span
            className="giu-color-input"
            onClick={[Function]}
            onMouseDown={[Function]}
            style={
              Object {
                "display": "inline-block",
                "position": "relative",
                "top": 1,
              }
            }>
            <input
              onBlur={[Function]}
              onCopy={[Function]}
              onCut={[Function]}
              onFocus={[Function]}
              onKeyDown={[Function]}
              onPaste={[Function]}
              style={
                Object {
                  "cursor": "default",
                  "height": 0,
                  "left": 8,
                  "opacity": 0,
                  "padding": 0,
                  "pointerEvents": "none",
                  "position": "fixed",
                  "top": 8,
                  "width": 0,
                  "zIndex": -80,
                }
              }
              tabIndex={undefined} />
            <div
              onMouseDown={[Function]}
              style={
                Object {
                  "backgroundColor": "white",
                  "border": "1px solid #999999",
                  "color": "transparent",
                  "cursor": "pointer",
                  "display": "inline-block",
                  "fontFamily": "inherit",
                  "fontSize": "inherit",
                  "fontWeight": "inherit",
                  "height": 20,
                  "lineHeight": "1em",
                  "padding": "2px 4px 6px 4px",
                  "position": "relative",
                  "width": 35,
                }
              }>
              x
              <div
                className="giu-transparency-tiles"
                style={
                  Object {
                    "borderRadius": 2,
                    "bottom": 4,
                    "left": 4,
                    "position": "absolute",
                    "right": 4,
                    "top": 4,
                  }
                } />
              <div
                style={
                  Object {
                    "background": "rgb(255, 255, 255)",
                    "borderRadius": 2,
                    "bottom": 4,
                    "left": 4,
                    "position": "absolute",
                    "right": 4,
                    "top": 4,
                  }
                } />
            </div>
          </span>
          <div
            style={
              Object {
                "marginTop": 3,
              }
            }>
            (Use very light or very dark colors for best results, or choose a
             
            <span
              className="giu-button"
              onClick={[Function]}
              style={
                Object {
                  "WebkitUserSelect": "none",
                  "border": "1px solid #999999",
                  "borderRadius": 5,
                  "cursor": "pointer",
                  "display": "inline-block",
                  "padding": "1px 5px",
                  "userSelect": "none",
                }
              }>
              preset
            </span>
            )
          </div>
        </div>
        <div
          style={
            Object {
              "borderTop": "1px solid #999999",
              "display": "flex",
              "flexDirection": "row",
              "marginTop": 10,
              "paddingTop": 10,
            }
          }>
          <span
            className="giu-button"
            onClick={[Function]}
            style={
              Object {
                "WebkitUserSelect": "none",
                "border": "1px solid #999999",
                "borderRadius": 5,
                "cursor": "pointer",
                "display": "inline-block",
                "marginRight": 5,
                "padding": "1px 5px",
                "userSelect": "none",
              }
            }>
            Cancel
          </span>
          <span
            className="giu-button"
            onClick={[Function]}
            style={
              Object {
                "WebkitUserSelect": "none",
                "border": "1px solid #999999",
                "borderRadius": 5,
                "cursor": "pointer",
                "display": "inline-block",
                "marginRight": 5,
                "padding": "1px 5px",
                "userSelect": "none",
              }
            }>
            Reset defaults
          </span>
          <div
            style={
              Object {
                "WebkitFlex": 1,
                "flex": 1,
              }
            } />
          <span
            className="giu-button"
            onClick={[Function]}
            style={
              Object {
                "WebkitUserSelect": "none",
                "border": "1px solid black",
                "borderRadius": 5,
                "cursor": "pointer",
                "display": "inline-block",
                "marginLeft": 5,
                "padding": "1px 5px",
                "userSelect": "none",
              }
            }>
            Save
          </span>
        </div>
      </div>
      <div
        onClick={undefined}
        onTouchMove={[Function]}
        onWheel={[Function]}
        style={
          Object {
            "WebkitFlex": 1,
            "flex": 1,
          }
        } />
    </div>
  </div>
</div>
`;
